==57521== Memcheck, a memory error detector
==57521== Copyright (C) 2002-2022, and GNU GPL'd, by Julian Seward et al.
==57521== Using Valgrind-3.22.0 and LibVEX; rerun with -h for copyright info
==57521== Command: ./cub3D maps/bad/color_missing_floor_rgb.cub
==57521== 
==57521== 
==57521== FILE DESCRIPTORS: 6 open (3 std) at exit.
==57521== Open file descriptor 24: /home/vanfossi/.vscode-server/data/logs/20260127T113110/remoteTelemetry.log
==57521==    <inherited from parent>
==57521== 
==57521== Open file descriptor 23: /home/vanfossi/.vscode-server/data/logs/20260127T113110/remoteagent.log
==57521==    <inherited from parent>
==57521== 
==57521== Open file descriptor 22: /home/vanfossi/.vscode-server/data/logs/20260127T113110/ptyhost.log
==57521==    <inherited from parent>
==57521== 
==57521== 
==57521== HEAP SUMMARY:
==57521==     in use at exit: 0 bytes in 0 blocks
==57521==   total heap usage: 79 allocs, 79 frees, 264,952 bytes allocated
==57521== 
==57521== All heap blocks were freed -- no leaks are possible
==57521== 
==57521== For lists of detected and suppressed errors, rerun with: -s
==57521== ERROR SUMMARY: 0 errors from 0 contexts (suppressed: 0 from 0)
