==57525== Memcheck, a memory error detector
==57525== Copyright (C) 2002-2022, and GNU GPL'd, by Julian Seward et al.
==57525== Using Valgrind-3.22.0 and LibVEX; rerun with -h for copyright info
==57525== Command: ./cub3D maps/bad/color_none.cub
==57525== 
==57525== 
==57525== FILE DESCRIPTORS: 6 open (3 std) at exit.
==57525== Open file descriptor 24: /home/vanfossi/.vscode-server/data/logs/20260127T113110/remoteTelemetry.log
==57525==    <inherited from parent>
==57525== 
==57525== Open file descriptor 23: /home/vanfossi/.vscode-server/data/logs/20260127T113110/remoteagent.log
==57525==    <inherited from parent>
==57525== 
==57525== Open file descriptor 22: /home/vanfossi/.vscode-server/data/logs/20260127T113110/ptyhost.log
==57525==    <inherited from parent>
==57525== 
==57525== 
==57525== HEAP SUMMARY:
==57525==     in use at exit: 0 bytes in 0 blocks
==57525==   total heap usage: 66 allocs, 66 frees, 264,572 bytes allocated
==57525== 
==57525== All heap blocks were freed -- no leaks are possible
==57525== 
==57525== For lists of detected and suppressed errors, rerun with: -s
==57525== ERROR SUMMARY: 0 errors from 0 contexts (suppressed: 0 from 0)
