==47698== Memcheck, a memory error detector
==47698== Copyright (C) 2002-2022, and GNU GPL'd, by Julian Seward et al.
==47698== Using Valgrind-3.22.0 and LibVEX; rerun with -h for copyright info
==47698== Command: ./cub3D maps/bad/color_missing_ceiling_rgb.cub
==47698== 
==47698== 
==47698== HEAP SUMMARY:
==47698==     in use at exit: 7 bytes in 1 blocks
==47698==   total heap usage: 46 allocs, 45 frees, 264,060 bytes allocated
==47698== 
==47698== 7 bytes in 1 blocks are still reachable in loss record 1 of 1
==47698==    at 0x4846828: malloc (in /usr/libexec/valgrind/vgpreload_memcheck-amd64-linux.so)
==47698==    by 0x1167B5: ft_substr (in /home/vanfossi/Cub3D/cub3D)
==47698==    by 0x116BD8: get_rest (in /home/vanfossi/Cub3D/cub3D)
==47698==    by 0x116D71: get_next_line (in /home/vanfossi/Cub3D/cub3D)
==47698==    by 0x113795: get_clclr (map_check2.c:56)
==47698==    by 0x1127D4: map_init_helper (map.c:79)
==47698==    by 0x1127D4: map_init (map.c:69)
==47698==    by 0x111C5A: create_cub (init2.c:65)
==47698==    by 0x10FA34: main (main.c:49)
==47698== 
==47698== LEAK SUMMARY:
==47698==    definitely lost: 0 bytes in 0 blocks
==47698==    indirectly lost: 0 bytes in 0 blocks
==47698==      possibly lost: 0 bytes in 0 blocks
==47698==    still reachable: 7 bytes in 1 blocks
==47698==         suppressed: 0 bytes in 0 blocks
==47698== 
==47698== For lists of detected and suppressed errors, rerun with: -s
==47698== ERROR SUMMARY: 0 errors from 0 contexts (suppressed: 0 from 0)
