==21249== Memcheck, a memory error detector
==21249== Copyright (C) 2002-2022, and GNU GPL'd, by Julian Seward et al.
==21249== Using Valgrind-3.22.0 and LibVEX; rerun with -h for copyright info
==21249== Command: ./cub3D maps/bad/color_invalid_rgb.cub
==21249== 
==21249== 
==21249== HEAP SUMMARY:
==21249==     in use at exit: 8 bytes in 1 blocks
==21249==   total heap usage: 39 allocs, 38 frees, 264,000 bytes allocated
==21249== 
==21249== 8 bytes in 1 blocks are still reachable in loss record 1 of 1
==21249==    at 0x4846828: malloc (in /usr/libexec/valgrind/vgpreload_memcheck-amd64-linux.so)
==21249==    by 0x116815: ft_substr (in /home/vanfossi/Cub3D/cub3D)
==21249==    by 0x116C38: get_rest (in /home/vanfossi/Cub3D/cub3D)
==21249==    by 0x116DD1: get_next_line (in /home/vanfossi/Cub3D/cub3D)
==21249==    by 0x1135E4: get_floorclr (map_check2.c:36)
==21249==    by 0x113A54: map_init_helper (map_init.c:42)
==21249==    by 0x113A54: map_init (map_init.c:37)
==21249==    by 0x111C84: create_cub (init2.c:66)
==21249==    by 0x10FA34: main (main.c:49)
==21249== 
==21249== LEAK SUMMARY:
==21249==    definitely lost: 0 bytes in 0 blocks
==21249==    indirectly lost: 0 bytes in 0 blocks
==21249==      possibly lost: 0 bytes in 0 blocks
==21249==    still reachable: 8 bytes in 1 blocks
==21249==         suppressed: 0 bytes in 0 blocks
==21249== 
==21249== For lists of detected and suppressed errors, rerun with: -s
==21249== ERROR SUMMARY: 0 errors from 0 contexts (suppressed: 0 from 0)
