==21083== Memcheck, a memory error detector
==21083== Copyright (C) 2002-2022, and GNU GPL'd, by Julian Seward et al.
==21083== Using Valgrind-3.22.0 and LibVEX; rerun with -h for copyright info
==21083== Command: ./cub3D maps/bad/color_missing.cub
==21083== 
==21083== 
==21083== HEAP SUMMARY:
==21083==     in use at exit: 6 bytes in 1 blocks
==21083==   total heap usage: 35 allocs, 34 frees, 263,955 bytes allocated
==21083== 
==21083== 6 bytes in 1 blocks are still reachable in loss record 1 of 1
==21083==    at 0x4846828: malloc (in /usr/libexec/valgrind/vgpreload_memcheck-amd64-linux.so)
==21083==    by 0x116815: ft_substr (in /home/vanfossi/Cub3D/cub3D)
==21083==    by 0x116C38: get_rest (in /home/vanfossi/Cub3D/cub3D)
==21083==    by 0x116DD1: get_next_line (in /home/vanfossi/Cub3D/cub3D)
==21083==    by 0x1135E4: get_floorclr (map_check2.c:36)
==21083==    by 0x113A54: map_init_helper (map_init.c:42)
==21083==    by 0x113A54: map_init (map_init.c:37)
==21083==    by 0x111C84: create_cub (init2.c:66)
==21083==    by 0x10FA34: main (main.c:49)
==21083== 
==21083== LEAK SUMMARY:
==21083==    definitely lost: 0 bytes in 0 blocks
==21083==    indirectly lost: 0 bytes in 0 blocks
==21083==      possibly lost: 0 bytes in 0 blocks
==21083==    still reachable: 6 bytes in 1 blocks
==21083==         suppressed: 0 bytes in 0 blocks
==21083== 
==21083== For lists of detected and suppressed errors, rerun with: -s
==21083== ERROR SUMMARY: 0 errors from 0 contexts (suppressed: 0 from 0)
