==57535== Memcheck, a memory error detector
==57535== Copyright (C) 2002-2022, and GNU GPL'd, by Julian Seward et al.
==57535== Using Valgrind-3.22.0 and LibVEX; rerun with -h for copyright info
==57535== Command: ./cub3D maps/bad/empty.cub
==57535== 
==57535== 
==57535== FILE DESCRIPTORS: 6 open (3 std) at exit.
==57535== Open file descriptor 24: /home/vanfossi/.vscode-server/data/logs/20260127T113110/remoteTelemetry.log
==57535==    <inherited from parent>
==57535== 
==57535== Open file descriptor 23: /home/vanfossi/.vscode-server/data/logs/20260127T113110/remoteagent.log
==57535==    <inherited from parent>
==57535== 
==57535== Open file descriptor 22: /home/vanfossi/.vscode-server/data/logs/20260127T113110/ptyhost.log
==57535==    <inherited from parent>
==57535== 
==57535== 
==57535== HEAP SUMMARY:
==57535==     in use at exit: 0 bytes in 0 blocks
==57535==   total heap usage: 4 allocs, 4 frees, 1,144 bytes allocated
==57535== 
==57535== All heap blocks were freed -- no leaks are possible
==57535== 
==57535== For lists of detected and suppressed errors, rerun with: -s
==57535== ERROR SUMMARY: 0 errors from 0 contexts (suppressed: 0 from 0)
