==37360== Memcheck, a memory error detector
==37360== Copyright (C) 2002-2017, and GNU GPL'd, by Julian Seward et al.
==37360== Using Valgrind-3.18.1 and LibVEX; rerun with -h for copyright info
==37360== Command: ./cub3D maps/bad/map_first.cub
==37360== 
==37360== 
==37360== HEAP SUMMARY:
==37360==     in use at exit: 5 bytes in 1 blocks
==37360==   total heap usage: 7 allocs, 6 frees, 263,468 bytes allocated
==37360== 
==37360== 5 bytes in 1 blocks are still reachable in loss record 1 of 1
==37360==    at 0x4848899: malloc (in /usr/libexec/valgrind/vgpreload_memcheck-amd64-linux.so)
==37360==    by 0x4089B2: ft_substr (in /home/vanfossi/Documents/Git_Cub3D/cub3D)
==37360==    by 0x408DD3: get_rest (in /home/vanfossi/Documents/Git_Cub3D/cub3D)
==37360==    by 0x408F69: get_next_line (in /home/vanfossi/Documents/Git_Cub3D/cub3D)
==37360==    by 0x405814: get_notexpath (map_check.c:0)
==37360==    by 0x406168: map_init (map_init.c:17)
==37360==    by 0x404588: create_cub (init2.c:66)
==37360==    by 0x404B60: main (main.c:49)
==37360== 
==37360== LEAK SUMMARY:
==37360==    definitely lost: 0 bytes in 0 blocks
==37360==    indirectly lost: 0 bytes in 0 blocks
==37360==      possibly lost: 0 bytes in 0 blocks
==37360==    still reachable: 5 bytes in 1 blocks
==37360==         suppressed: 0 bytes in 0 blocks
==37360== 
==37360== For lists of detected and suppressed errors, rerun with: -s
==37360== ERROR SUMMARY: 0 errors from 0 contexts (suppressed: 0 from 0)
