==37364== Memcheck, a memory error detector
==37364== Copyright (C) 2002-2017, and GNU GPL'd, by Julian Seward et al.
==37364== Using Valgrind-3.18.1 and LibVEX; rerun with -h for copyright info
==37364== Command: ./cub3D maps/bad/map_middle.cub
==37364== 
==37364== 
==37364== HEAP SUMMARY:
==37364==     in use at exit: 14 bytes in 1 blocks
==37364==   total heap usage: 32 allocs, 31 frees, 263,843 bytes allocated
==37364== 
==37364== 14 bytes in 1 blocks are still reachable in loss record 1 of 1
==37364==    at 0x4848899: malloc (in /usr/libexec/valgrind/vgpreload_memcheck-amd64-linux.so)
==37364==    by 0x4089B2: ft_substr (in /home/vanfossi/Documents/Git_Cub3D/cub3D)
==37364==    by 0x408DD3: get_rest (in /home/vanfossi/Documents/Git_Cub3D/cub3D)
==37364==    by 0x408F69: get_next_line (in /home/vanfossi/Documents/Git_Cub3D/cub3D)
==37364==    by 0x405BD3: get_floorclr (map_check2.c:36)
==37364==    by 0x406218: map_init_helper (map_init.c:42)
==37364==    by 0x404588: create_cub (init2.c:66)
==37364==    by 0x404B60: main (main.c:49)
==37364== 
==37364== LEAK SUMMARY:
==37364==    definitely lost: 0 bytes in 0 blocks
==37364==    indirectly lost: 0 bytes in 0 blocks
==37364==      possibly lost: 0 bytes in 0 blocks
==37364==    still reachable: 14 bytes in 1 blocks
==37364==         suppressed: 0 bytes in 0 blocks
==37364== 
==37364== For lists of detected and suppressed errors, rerun with: -s
==37364== ERROR SUMMARY: 0 errors from 0 contexts (suppressed: 0 from 0)
