==47785== Memcheck, a memory error detector
==47785== Copyright (C) 2002-2022, and GNU GPL'd, by Julian Seward et al.
==47785== Using Valgrind-3.22.0 and LibVEX; rerun with -h for copyright info
==47785== Command: ./cub3D maps/bad/textures_duplicates.cub
==47785== 
==47785== 
==47785== HEAP SUMMARY:
==47785==     in use at exit: 9 bytes in 1 blocks
==47785==   total heap usage: 34 allocs, 33 frees, 263,953 bytes allocated
==47785== 
==47785== 9 bytes in 1 blocks are still reachable in loss record 1 of 1
==47785==    at 0x4846828: malloc (in /usr/libexec/valgrind/vgpreload_memcheck-amd64-linux.so)
==47785==    by 0x1167B5: ft_substr (in /home/vanfossi/Cub3D/cub3D)
==47785==    by 0x116BD8: get_rest (in /home/vanfossi/Cub3D/cub3D)
==47785==    by 0x116D71: get_next_line (in /home/vanfossi/Cub3D/cub3D)
==47785==    by 0x1136D5: get_floorclr (map_check2.c:32)
==47785==    by 0x1127C4: map_init_helper (map.c:74)
==47785==    by 0x1127C4: map_init (map.c:69)
==47785==    by 0x111C5A: create_cub (init2.c:65)
==47785==    by 0x10FA34: main (main.c:49)
==47785== 
==47785== LEAK SUMMARY:
==47785==    definitely lost: 0 bytes in 0 blocks
==47785==    indirectly lost: 0 bytes in 0 blocks
==47785==      possibly lost: 0 bytes in 0 blocks
==47785==    still reachable: 9 bytes in 1 blocks
==47785==         suppressed: 0 bytes in 0 blocks
==47785== 
==47785== For lists of detected and suppressed errors, rerun with: -s
==47785== ERROR SUMMARY: 0 errors from 0 contexts (suppressed: 0 from 0)
