==47799== Memcheck, a memory error detector
==47799== Copyright (C) 2002-2022, and GNU GPL'd, by Julian Seward et al.
==47799== Using Valgrind-3.22.0 and LibVEX; rerun with -h for copyright info
==47799== Command: ./cub3D maps/bad/textures_missing.cub
==47799== 
==47799== 
==47799== HEAP SUMMARY:
==47799==     in use at exit: 3 bytes in 1 blocks
==47799==   total heap usage: 22 allocs, 21 frees, 263,783 bytes allocated
==47799== 
==47799== 3 bytes in 1 blocks are still reachable in loss record 1 of 1
==47799==    at 0x4846828: malloc (in /usr/libexec/valgrind/vgpreload_memcheck-amd64-linux.so)
==47799==    by 0x1167B5: ft_substr (in /home/vanfossi/Cub3D/cub3D)
==47799==    by 0x116BD8: get_rest (in /home/vanfossi/Cub3D/cub3D)
==47799==    by 0x116D71: get_next_line (in /home/vanfossi/Cub3D/cub3D)
==47799==    by 0x1132F5: get_wetexpath (map_check.c:77)
==47799==    by 0x1127A4: map_init (map.c:59)
==47799==    by 0x111C5A: create_cub (init2.c:65)
==47799==    by 0x10FA34: main (main.c:49)
==47799== 
==47799== LEAK SUMMARY:
==47799==    definitely lost: 0 bytes in 0 blocks
==47799==    indirectly lost: 0 bytes in 0 blocks
==47799==      possibly lost: 0 bytes in 0 blocks
==47799==    still reachable: 3 bytes in 1 blocks
==47799==         suppressed: 0 bytes in 0 blocks
==47799== 
==47799== For lists of detected and suppressed errors, rerun with: -s
==47799== ERROR SUMMARY: 0 errors from 0 contexts (suppressed: 0 from 0)
