==3334== Memcheck, a memory error detector
==3334== Copyright (C) 2002-2022, and GNU GPL'd, by Julian Seward et al.
==3334== Using Valgrind-3.22.0 and LibVEX; rerun with -h for copyright info
==3334== Command: ./cub3D maps/bad/textures_none.cub
==3334== 
==3334== 
==3334== HEAP SUMMARY:
==3334==     in use at exit: 10 bytes in 1 blocks
==3334==   total heap usage: 11 allocs, 10 frees, 263,614 bytes allocated
==3334== 
==3334== 10 bytes in 1 blocks are still reachable in loss record 1 of 1
==3334==    at 0x4846828: malloc (in /usr/libexec/valgrind/vgpreload_memcheck-amd64-linux.so)
==3334==    by 0x1165B5: ft_substr (in /home/vanfossi/Cub3D/cub3D)
==3334==    by 0x1169D8: get_rest (in /home/vanfossi/Cub3D/cub3D)
==3334==    by 0x116B71: get_next_line (in /home/vanfossi/Cub3D/cub3D)
==3334==    by 0x112E95: get_notexpath (map_check.c:21)
==3334==    by 0x11391C: map_init (map_init.c:17)
==3334==    by 0x111B84: create_cub (init2.c:66)
==3334==    by 0x10F954: main (main.c:49)
==3334== 
==3334== LEAK SUMMARY:
==3334==    definitely lost: 0 bytes in 0 blocks
==3334==    indirectly lost: 0 bytes in 0 blocks
==3334==      possibly lost: 0 bytes in 0 blocks
==3334==    still reachable: 10 bytes in 1 blocks
==3334==         suppressed: 0 bytes in 0 blocks
==3334== 
==3334== For lists of detected and suppressed errors, rerun with: -s
==3334== ERROR SUMMARY: 0 errors from 0 contexts (suppressed: 0 from 0)
